// Vitest Snapshot v1, https://vitest.dev/guide/snapshot.html

exports[`AppWithProvider > renders the AppBar with the correct text 1`] = `
{
  "asFragment": [Function],
  "baseElement": <body>
    <div>
      <div
        class="App"
      >
        <header
          class="MuiPaper-root MuiPaper-elevation MuiPaper-elevation4 MuiAppBar-root MuiAppBar-colorPrimary MuiAppBar-positionStatic css-hip9hq-MuiPaper-root-MuiAppBar-root"
          style="box-shadow: none;"
        >
          <div
            class="MuiToolbar-root MuiToolbar-gutters MuiToolbar-regular css-hyum1k-MuiToolbar-root"
          >
            <h6
              class="MuiTypography-root MuiTypography-h6 css-q06dfn-MuiTypography-root"
            >
              SHOPPING LIST
            </h6>
          </div>
        </header>
        <div
          class="MuiBox-root css-dlo6ih"
        >
          <h5
            class="MuiTypography-root MuiTypography-h5 css-19pxqrz-MuiTypography-root"
          >
            Your shopping list is empty :( 
          </h5>
          <button
            class="MuiButtonBase-root MuiButton-root MuiButton-text MuiButton-textPrimary MuiButton-sizeMedium MuiButton-textSizeMedium MuiButton-root MuiButton-text MuiButton-textPrimary MuiButton-sizeMedium MuiButton-textSizeMedium css-eacpwv-MuiButtonBase-root-MuiButton-root"
            tabindex="0"
            type="button"
          >
             
            Add your first item
            <span
              class="MuiTouchRipple-root css-8je8zh-MuiTouchRipple-root"
            />
          </button>
        </div>
      </div>
    </div>
    <div>
      <div
        class="App"
      >
        <header
          class="MuiPaper-root MuiPaper-elevation MuiPaper-elevation4 MuiAppBar-root MuiAppBar-colorPrimary MuiAppBar-positionStatic css-hip9hq-MuiPaper-root-MuiAppBar-root"
          style="box-shadow: none;"
        >
          <div
            class="MuiToolbar-root MuiToolbar-gutters MuiToolbar-regular css-hyum1k-MuiToolbar-root"
          >
            <h6
              class="MuiTypography-root MuiTypography-h6 css-q06dfn-MuiTypography-root"
            >
              SHOPPING LIST
            </h6>
          </div>
        </header>
        <div
          class="MuiBox-root css-dlo6ih"
        >
          <h5
            class="MuiTypography-root MuiTypography-h5 css-19pxqrz-MuiTypography-root"
          >
            Your shopping list is empty :( 
          </h5>
          <button
            class="MuiButtonBase-root MuiButton-root MuiButton-text MuiButton-textPrimary MuiButton-sizeMedium MuiButton-textSizeMedium MuiButton-root MuiButton-text MuiButton-textPrimary MuiButton-sizeMedium MuiButton-textSizeMedium css-eacpwv-MuiButtonBase-root-MuiButton-root"
            tabindex="0"
            type="button"
          >
             
            Add your first item
            <span
              class="MuiTouchRipple-root css-8je8zh-MuiTouchRipple-root"
            />
          </button>
        </div>
      </div>
    </div>
    <div>
      <div
        class="App"
      >
        <header
          class="MuiPaper-root MuiPaper-elevation MuiPaper-elevation4 MuiAppBar-root MuiAppBar-colorPrimary MuiAppBar-positionStatic css-hip9hq-MuiPaper-root-MuiAppBar-root"
          style="box-shadow: none;"
        >
          <div
            class="MuiToolbar-root MuiToolbar-gutters MuiToolbar-regular css-hyum1k-MuiToolbar-root"
          >
            <h6
              class="MuiTypography-root MuiTypography-h6 css-q06dfn-MuiTypography-root"
            >
              SHOPPING LIST
            </h6>
          </div>
        </header>
        <div
          class="MuiBox-root css-dlo6ih"
        >
          <h5
            class="MuiTypography-root MuiTypography-h5 css-19pxqrz-MuiTypography-root"
          >
            Your shopping list is empty :( 
          </h5>
          <button
            class="MuiButtonBase-root MuiButton-root MuiButton-text MuiButton-textPrimary MuiButton-sizeMedium MuiButton-textSizeMedium MuiButton-root MuiButton-text MuiButton-textPrimary MuiButton-sizeMedium MuiButton-textSizeMedium css-eacpwv-MuiButtonBase-root-MuiButton-root"
            tabindex="0"
            type="button"
          >
             
            Add your first item
            <span
              class="MuiTouchRipple-root css-8je8zh-MuiTouchRipple-root"
            />
          </button>
        </div>
      </div>
    </div>
    <div>
      <div
        class="App"
      >
        <header
          class="MuiPaper-root MuiPaper-elevation MuiPaper-elevation4 MuiAppBar-root MuiAppBar-colorPrimary MuiAppBar-positionStatic css-hip9hq-MuiPaper-root-MuiAppBar-root"
          style="box-shadow: none;"
        >
          <div
            class="MuiToolbar-root MuiToolbar-gutters MuiToolbar-regular css-hyum1k-MuiToolbar-root"
          >
            <h6
              class="MuiTypography-root MuiTypography-h6 css-q06dfn-MuiTypography-root"
            >
              SHOPPING LIST
            </h6>
          </div>
        </header>
        <div
          class="MuiBox-root css-dlo6ih"
        >
          <h5
            class="MuiTypography-root MuiTypography-h5 css-19pxqrz-MuiTypography-root"
          >
            Your shopping list is empty :( 
          </h5>
          <button
            class="MuiButtonBase-root MuiButton-root MuiButton-text MuiButton-textPrimary MuiButton-sizeMedium MuiButton-textSizeMedium MuiButton-root MuiButton-text MuiButton-textPrimary MuiButton-sizeMedium MuiButton-textSizeMedium css-eacpwv-MuiButtonBase-root-MuiButton-root"
            tabindex="0"
            type="button"
          >
             
            Add your first item
          </button>
        </div>
      </div>
    </div>
  </body>,
  "container": <div>
    <div
      class="App"
    >
      <header
        class="MuiPaper-root MuiPaper-elevation MuiPaper-elevation4 MuiAppBar-root MuiAppBar-colorPrimary MuiAppBar-positionStatic css-hip9hq-MuiPaper-root-MuiAppBar-root"
        style="box-shadow: none;"
      >
        <div
          class="MuiToolbar-root MuiToolbar-gutters MuiToolbar-regular css-hyum1k-MuiToolbar-root"
        >
          <h6
            class="MuiTypography-root MuiTypography-h6 css-q06dfn-MuiTypography-root"
          >
            SHOPPING LIST
          </h6>
        </div>
      </header>
      <div
        class="MuiBox-root css-dlo6ih"
      >
        <h5
          class="MuiTypography-root MuiTypography-h5 css-19pxqrz-MuiTypography-root"
        >
          Your shopping list is empty :( 
        </h5>
        <button
          class="MuiButtonBase-root MuiButton-root MuiButton-text MuiButton-textPrimary MuiButton-sizeMedium MuiButton-textSizeMedium MuiButton-root MuiButton-text MuiButton-textPrimary MuiButton-sizeMedium MuiButton-textSizeMedium css-eacpwv-MuiButtonBase-root-MuiButton-root"
          tabindex="0"
          type="button"
        >
           
          Add your first item
        </button>
      </div>
    </div>
  </div>,
  "debug": [Function],
  "findAllByAltText": [Function],
  "findAllByDisplayValue": [Function],
  "findAllByLabelText": [Function],
  "findAllByPlaceholderText": [Function],
  "findAllByRole": [Function],
  "findAllByTestId": [Function],
  "findAllByText": [Function],
  "findAllByTitle": [Function],
  "findByAltText": [Function],
  "findByDisplayValue": [Function],
  "findByLabelText": [Function],
  "findByPlaceholderText": [Function],
  "findByRole": [Function],
  "findByTestId": [Function],
  "findByText": [Function],
  "findByTitle": [Function],
  "getAllByAltText": [Function],
  "getAllByDisplayValue": [Function],
  "getAllByLabelText": [Function],
  "getAllByPlaceholderText": [Function],
  "getAllByRole": [Function],
  "getAllByTestId": [Function],
  "getAllByText": [Function],
  "getAllByTitle": [Function],
  "getByAltText": [Function],
  "getByDisplayValue": [Function],
  "getByLabelText": [Function],
  "getByPlaceholderText": [Function],
  "getByRole": [Function],
  "getByTestId": [Function],
  "getByText": [Function],
  "getByTitle": [Function],
  "queryAllByAltText": [Function],
  "queryAllByDisplayValue": [Function],
  "queryAllByLabelText": [Function],
  "queryAllByPlaceholderText": [Function],
  "queryAllByRole": [Function],
  "queryAllByTestId": [Function],
  "queryAllByText": [Function],
  "queryAllByTitle": [Function],
  "queryByAltText": [Function],
  "queryByDisplayValue": [Function],
  "queryByLabelText": [Function],
  "queryByPlaceholderText": [Function],
  "queryByRole": [Function],
  "queryByTestId": [Function],
  "queryByText": [Function],
  "queryByTitle": [Function],
  "rerender": [Function],
  "unmount": [Function],
}
`;
